destcol  =$d800
ZPRS232StopBitSwitch  =$a9; unused
RealCodeEnd  =$1922; ?
VIC2SpriteBackgroundCollision  =$d01f; unused
READST  =$ffb7; unused
TurboTapeFinishedLoadingFile  =$5
VIC2Multicolour_Yellow  =$f; unused
ZPStartBasicLo  =$2b
ZPCurrentOutputDevice  =$9a; unused
fwdwash  =$f309
VIC2Multicolour_Red  =$a; unused
CHR_Brown  =$95; unused
CHKIN  =$ffc6; unused
ZPDatasetteEndOfTape  =$96; unused
ZPStartBasicHi  =$2c
FlashCol  =$f396; unused
CIA1TimerBHi  =$dc07; unused
pull  =$f2b0
VIC2Colour_Yellow  =$7; unused
CIA2TimerBHi  =$dd07; unused
SmallLoader  =$1
FlagUpperLowerCaseChange  =$291; unused
JoystickBits_Fire  =$10; unused
CIA1TimerBLo  =$dc06; unused
CHR_Orange  =$81; unused
VIC2ScreenControlVDefault  =$1b
VIC2InteruptStatus  =$d019
VIC2BorderColour  =$d020
CIA2TimerBLo  =$dd06; unused
ACPTR  =$ffa5; unused
CIA2SerialShift  =$dd0c; unused
BASICTextPrint  =$ab1e; unused
OPEN  =$ffc0; unused
SIDFilterControl  =$d417; unused
ZPRS232ByteBuffer  =$aa; unused
VIC2Colour_Purple  =$4; unused
ScreenOk  =$f137; ?
SECOND  =$ff93; unused
ZPTapeTimingConstant  = ?; unused
SIDPaddleY  =$d41a; unused
ZPCurrentKeyPressed  =$cb; unused
KERNALROM  =$e000; unused
SIDPaddleX  =$d419; unused
IRQServiceRoutineLo  =$314; unused
VIC2Raster  =$d012
VIC2SpriteXMSB  =$d010
VIC2Multicolour_Purple  =$c; unused
CHR_White  =$5; unused
COLORRAM  =$d800; unused
TapeTurboSpeed  =$80
IRQServiceRoutineHi  =$315; unused
VIC2Colour_LightGreen  =$d; unused
UDTIM  =$ffea; unused
VIC2SpriteYBorderBottom  =$fa; unused
CIA2PortBRS232  =$dd01; unused
ZPEndArrayVariableLo  =$31; unused
GETIN  =$ffe4; unused
SIDVoice1FreqHi  =$d401
TapeLoaderInitialiseIRQ  =$f7b1; ?
LoaderFX  =$1
TapePilotCode2  =$c3; unused
ZPAddressToSave  =$ac; unused
ZPEndArrayVariableHi  =$32; unused
SETLFS  =$ffba; unused
SIDVoice1FreqLo  =$d400
TapePilotCode1  =$ff; unused
CIA2PortADDR  =$dd02; unused
CHR_Cyan  =$9f; unused
CIA1ToDHoursBCD  =$dc0b; unused
KERNALNMIServiceRoutineLo  =$fffa
SIDVoice2FreqLo  =$d407; unused
CIA1PortADDR  =$dc02; unused
SIDVoice3FreqHi  =$d40f; unused
TextLine1  =$f33c; ?
CLRCHN  =$ffcc; unused
KERNALNMIServiceRoutineHi  =$fffb
VIC2Multicolour_Green  =$d; unused
TextLine2  =$f365; ?
ZPDatasetteParity  =$9b; unused
SIDVoice2FreqHi  =$d408; unused
SIDVoice3FreqLo  =$d40e; unused
ProcessorPortDefault  =$37
ZPChrGet  =$73; unused
CIOUT  =$ffa8; unused
VIC2ScreenControlHDefault  =$c8
TapeLoaderStoringToHi  =$7
ZPCurrentFileDeviceNumber  =$ba; unused
FreeBlockHeader  =$4; unused
SID  =$d400; unused
TapeTurboEndOfExtendedZeroPageCodeAndIRQ  =$114; unused
MainSecondLoaderStart  =$f000; ?
TapeLoaderStoringToLo  =$6
ResetNtsc  =$f336; ?
TapeLoaderEarlyOut  =$1
SPRITEFRAMESCROFF  =$3f8
ZPDatasetteBufferOffset  =$a6; unused
SETNAM  =$ffbd; unused
VIC2Colour_Green  =$5; unused
VIC2Colour_LightRed  =$a; unused
sourcevid  =$3f40
HEADERex  =$f76a; unused
SPRITEXMSB  =$0
CHR_LightGreen  =$99; unused
CHR_LightRed  =$96; unused
SIDVoice3ADSROutput  =$d41c; unused
CHR_Clear  =$93; unused
TapeLoaderLoadNewFile  =$f7e0; ?
ZPEOISerialBusSwitch  =$a3; unused
CHRIN  =$ffcf; unused
VIC2Sprite1Colour  =$d028; unused
bckwash  =$f315
ZPProcessorPort  =$1
ZPDatasetteBufferHo  =$b3; unused
ColourWash  =$f2e5; ?
JoystickBits_Down  =$2; unused
ProcessorPortKERNALWithIO  =$26; unused
SPRITEYPOS  =$34
ProcessorPortDDRDefault  =$2f
ZPTimeOfDay  =$a0; unused
ZPDatasetteBufferLo  =$b2; unused
CHR_Down  =$11; unused
VIC2Sprite0Colour  =$d027
Backward  =$f313; ?
ZPSerialBusBitCounter  =$a5; unused
CIA2PortBDDR  =$dd03; unused
ProcessorPortAllRAMWithIO  =$25; unused
NMIServiceRoutineHi  =$319; unused
CIA2ToDHoursBCD  =$dd0b; unused
message  =$f397; ?
TableDiv10  =$f5b1; unused
CINT  =$ff81; unused
ZPDatasetteNameWriteCount  =$9f; unused
IOBASE  =$fff3; unused
CIA2PortASerialBusVICBankDefault  =$3
endscroll  =$f2e2; ?
VIC2Sprite3Colour  =$d02a; unused
CIA1PortBDDR  =$dc03; unused
SIDVoice2PulseWidthLo  =$d409; unused
CHR_Black  =$90; unused
ZPRS232XYTemp  =$97; unused
RESTOR  =$ff8a; unused
VIC2InteruptControl  =$d01a
CHR_Blue  =$1f; unused
VIC2Colour_Red  =$2; unused
ZPDatasetteByteReady  =$9c; unused
NMIServiceRoutineLo  =$318; unused
ZPSerialBusBuffer  =$a4; unused
SCNKEY  =$ff9f; unused
destvid  =$8400
VIC2Sprite2Colour  =$d029; unused
SIDVoice2PulseWidthHi  =$d40a; unused
ZPRS232BitBuffer  =$b5; unused
MinimalIRQServiceRoutine  =$ea81; unused
RDTIM  =$ffde; unused
SCREENRAM  =$400
VIC2Sprite5Colour  =$d02c; unused
messok  =$f2d4; ?
SAVE  =$ffd8; unused
JoystickBits_Left  =$4; unused
VIC2Sprite4Colour  =$d02b; unused
CHR_Left  =$9d; unused
TurboTapeBlockLoadError  =$9
SCREEN  =$ffed; unused
ZPKeyBufferLength  =$c6; unused
VIC2Sprite7Colour  =$d02e; unused
SIDVoice3PulseWidthLo  =$d410; unused
endTapeHeader  =$1bb
VIC2ScreenColour  =$d021
VIC2Sprite6Colour  =$d02d; unused
SIDVoice3PulseWidthHi  =$d411; unused
Wash  =$f300; ?
CIA2ToDMinsBCD  =$dd0a; unused
PalNTSCMusicPlayer  =$f321; ?
LISTEN  =$ffb1; unused
VIC2ScreenCharsHeight  =$19; unused
PutLines  =$f043
SPRITEXPOS  =$20
MusicInit  =$e000
UNLSN  =$ffae; unused
ZPSTVariable  =$90; unused
ScreenOff  =$f132; unused
BASICSTART  =$801; unused
CIA2TimerBControl  =$dd0f
CIA1ToDSecsBCD  =$dc09; unused
MainSecondLoaderEnd  =$f922; unused
CIA2TimerAControl  =$dd0e
TapeSyncCode  =$aa
VECTOR  =$ff8d; unused
CIA1KeyboardRowsJoystickB  =$dc01; unused
RealCodeStart  =$1000; ?
makepic  =$f1ce
CIA1SerialShift  =$dc0c; unused
CHR_Return  =$d; unused
ZPRS232BitCounter  =$b4; unused
VIC  =$d000; unused
sourcecol  =$4328
TapeCounterOffset  =$26a
DefaultLOADRoutine  =$f4a5; unused
CIA1TimerBControl  =$dc0f
TurboTapeHeaderStatus  =$4
ZPRS232BusBuffer  =$a7; unused
MEMTOP  =$ff99; unused
CIA1TimerAControl  =$dc0e
STOP2  =$f1cc; ?
ZPStopKeyIndicator  =$91; unused
KERNALIRQServiceRoutineHi  =$ffff
VIC2SpritePriority  =$d01b
SIDVoice1PulseWidthLo  =$d402; unused
CyclesPerSecondPALC64  =$f08a0; unused
KERNALIRQServiceRoutineLo  =$fffe
VIC2Sprite5X  =$d00a; unused
VIC2Sprite7Y  =$d00f; unused
VIC2Sprite5Y  =$d00b; unused
VIC2Sprite7X  =$d00e; unused
VIC2Sprite1X  =$d002; unused
TapeLoaderExpectedLoadingBlocks  =$8
VIC2Sprite3Y  =$d007; unused
ZPDatasetteTiming  =$92; unused
VIC2MemorySetup  =$d018
CHR_Grey  =$98; unused
VIC2Sprite1Y  =$d003; unused
SIDVoice1PulseWidthHi  =$d403; unused
VIC2Sprite3X  =$d006; unused
TapeHeaderFilenameLen  =$f; ?; unused
VIC2ExtraBackgroundColour3  =$d024; unused
VIC2Colour_LightGrey  =$f; unused
VIC2ExtraBackgroundColour2  =$d023; unused
CLOSE  =$ffc3; unused
VIC2ExtraBackgroundColour1  =$d022; unused
TapeHeaderFilenameStart  =$343; unused
SaveRoutineHi  =$333; unused
CIA1KeyboardColumnJoystickA  =$dc00; unused
WaitForTapeEdge  =$3d8; ?
ProcessorPortAllRAM  =$20; unused
VIC2SpriteYBorderTop24  =$36; unused
SaveRoutineLo  =$332; unused
CLALL  =$ffe7; unused
STOP  =$ffe1; unused
TapeLoadErrorLine  =$10; unused
VIC2Colour_Blue  =$6; unused
TapeRelocatedStart  =$302; unused
CHR_LightBlue  =$9a; unused
ZPSerialBusCacheStatus  =$94; unused
VIC2MemorySetupDefault  =$15
CIA2PortASerialBusVICBank  =$dd00
VIC2ExtraSpriteColour2  =$d026; unused
TableDiv100  =$f6b1; unused
VIC2ExtraSpriteColour1  =$d025; unused
ZPStartStringVariableLo  =$33; unused
ZPDisplaySystemErrorSwitch  =$9d; unused
VIC2ScreenCharsWidth  =$28; unused
ColourWashComplete  =$f2fa; ?
SIDVoice3Control  =$d412; unused
BASICROM  =$a000; unused
SpriteDataStart  =$1922; unused
SIDVoice2Control  =$d40b; unused
CHR_DarkGrey  =$97; unused
TinyHeader  =$1; unused
ZPStartStringVariableHi  =$34; unused
SIDVoice1Control  =$d404; unused
TableMod10  =$f4b1; unused
ZPRS232OutByte  =$9e; unused
ProcessorStack  =$100; unused
FSTART  =$0; ?
CIA1ToDMinsBCD  =$dc0a; unused
GetTapeByte  =$3cf; ?
JMPStartAddress  =$80d
DefaultNMIServiceRoutine  =$fe47; unused
OPENME  =$f11a; unused
CIA2  =$dd00; unused
VIC2Colour_Black  =$0; unused
RS232OutputBufferHi  =$fa; unused
DefaultSTOPVector  =$f6ed; unused
ZPSerialBusCache  =$95; unused
VIC2SpriteSpriteCollision  =$d01e; unused
SIDVolumeFilter  =$d418
MainLoaderEntry  =$304; ?
CIA1  =$dc00; unused
CIA2ToDSecsBCD  =$dd09; unused
FileNameByte  =$f897; ?
RS232OutputBufferLo  =$f9; unused
EnableBlockChecksum  =$1
VIC2SpriteXBorderRight  =$158; unused
VIC2SpriteYBorderTop  =$32; unused
Forward  =$f307; ?
VIC2ScreenControlH  =$d016
SIDVoice1AttackDecay  =$d405; unused
VIC2Multicolour_Blue  =$e; unused
TKSA  =$ff96; unused
SIDVoice2SustainRelease  =$d40d; unused
RS232InputBufferHi  =$f8; unused
TurboTapeBlockCounter  =$f80c; ?
VIC2ScreenControlV  =$d011
ZPPrevKeyPressed  =$c5; unused
CLRSCR  =$e544; unused
VIC2Colour_LightBlue  =$e; unused
SetMCOL  =$f126; ?
SIDVoice3SustainRelease  =$d414; unused
FreeBlock  =$3; unused
sourcebg  =$4710; unused
RS232InputBufferLo  =$f7; unused
CHR_ReverseOn  =$12; unused
TALK  =$ffb4; unused
kTurboTapeHeaderStatusStoringBytes  =$a
SETTIM  =$ffdb; unused
SETTMO  =$ffa2; unused
VIC2Colour_Grey  =$c; unused
CHR_ReverseOff  =$92; unused
TapeLoaderGetBlocksLeftToLoad  =$f918; unused
VIC2Multicolour_Black  =$8; unused
VIC2SpriteSizeY  =$15; unused
VIC2SpriteSizeX  =$18; unused
SIDVoice1SustainRelease  =$d406; unused
LOAD  =$ffd5; unused
CHR_LightGrey  =$9b; unused
VIC2LightPenX  =$d013; unused
VIC2LightPenY  =$d014; unused
VIC2SpriteEnable  =$d015
VIC2SpriteDoubleWidth  =$d01d
CHR_Home  =$13; unused
BRKServiceRoutineLo  =$316; unused
CHR_Red  =$96; unused
read  =$f2c0; ?
SIDVoice3WaveformOutput  =$d41b; unused
CIA2ToD10thSecsBCD  =$dd08; unused
BRKServiceRoutineHi  =$317; unused
CIA1TimerAHi  =$dc05
TapeHeaderByteEx3  =$69
RAMTAS  =$ff87; unused
VIC2SpriteDoubleHeight  =$d017
CIA1ToD10thSecsBCD  =$dc08; unused
TapeHeaderByteEx2  =$96
ZPFlagCursorFlash  =$cc; unused
ScrollerWanted  =$1
VIC2Multicolour_Cyan  =$b; unused
CIA2TimerAHi  =$dd05; unused
CIA1TimerALo  =$dc04
ZPRS232Parity  =$ab; unused
startBlock  =$100
ZPAddressToLoad  =$ae; unused
SIDVoice2AttackDecay  =$d40c; unused
CIA2TimerALo  =$dd04; unused
MusicPlay  =$e003
tapeHeader  =$114
STOPVectorHi  =$329; unused
JoystickBits_Up  =$1; unused
KERNALColdStartResetHi  =$fffd; unused
ZPEndBasicLo  =$37; unused
STOPVectorLo  =$328; unused
KERNALColdStartResetLo  =$fffc; unused
ZPEndBasicHi  =$38; unused
DefaultSaveRoutine  =$f5ed; unused
CHR_Up  =$91; unused
SPRITEFRAME  =$7f8
CHKOUT  =$ffc9; unused
ZPRS232BusBitCounter  =$a8; unused
VIC2SpriteXBorderLeft38  =$1f; unused
SIDFilterCutoffFreqLo  =$d415; unused
CIA1InterruptControl  =$dc0d
SpriteDataEnd  =$1961; unused
SIDFilterCutoffFreqHi  =$d416; unused
CIA2InterruptControl  =$dd0d
CHR_Green  =$1e; unused
UNTLK  =$ffab; unused
VIC2SpriteMulticolour  =$d01c
CHR_Purple  =$9c; unused
ZPNumFilesOpen  =$98; unused
VIC2Colour_Brown  =$9; unused
VIC2Colour_DarkGrey  =$b; unused
ZPProcessorPortDDR  =$0
VIC2SpriteXBorderLeft  =$18; unused
ZPStartVariableLo  =$2d
PLOT  =$fff0; unused
VIC2Multicolour_White  =$9; unused
ZPStartVariableHi  =$2e
VIC2Colour_Cyan  =$3; unused
SIDVoice3AttackDecay  =$d413; unused
COLOURRAM  =$d800
JoystickBits_Right  =$8; unused
UnusedSpace  =$334
CHR_Right  =$1d; unused
ZPStartArrayVariableLo  =$2f; unused
ZPCurrentStringVariableLo  =$35; unused
LoadRoutineLo  =$330; unused
IOINIT  =$ff84; unused
MEMBOT  =$ff9c; unused
ZPStartArrayVariableHi  =$30; unused
ZPCurrentStringVariableHi  =$36; unused
LoadRoutineHi  =$331; unused
TapeHeaderByteEx  =$f0
endBlock  =$10f
PAL  =$f332; ?
CHROUT  =$ffd2; unused
SETMSG  =$ff90; unused
CHR_Yellow  =$9e; unused
FEND  =$f; ?
tapeHeaderEnd  =$1bf; unused
VIC2Sprite4X  =$d008; unused
MemoryMappedIOArea1  =$de00; unused
shiftRAM2  =$f1b6
VIC2Sprite6Y  =$d00d; unused
VIC2Sprite4Y  =$d009; unused
VIC2Colour_Orange  =$8; unused
BlocksLoadedTable  =$f922; ?
VIC2Sprite6X  =$d00c; unused
DefaultIRQServiceRoutine  =$ea31
VIC2Sprite0X  =$d000
shiftRAM0  =$f1b1
VIC2Sprite2Y  =$d005; unused
VIC2Colour_White  =$1
ZPLoadVerify  =$93; unused
MemoryMappedIOArea2  =$df00; unused
skipME  =$f128; ?
shiftRAM1  =$f1b3
ZPCurrentInputDevice  =$99; unused
VIC2Sprite0Y  =$d001
VIC2Sprite2X  =$d004; unused
nameStart  =$0
nameEnd  =$10; unused
l1  =$38a
l2  =$399
l3  =$3b1; ?
TapeHeaderCode  =$351; ?
checksum  =$8
sm1  =$39c
loadColPos  =$9; unused
displayLoadError  =$3c9; ?
tweak  =$ffffffef
time  =$16f
l1  =$3d1
l1  =$3db
impliedCarrySet  =$3e9; ?
l2  =$f079
l3  =$f0a0
rs1  =$f17a
SpriteLoaded  =$f15d; ?
MainLoop  =$f0fe
BitmapLoaded  =$f390; unused
bitmapLoaded  =$f393; ?
notStop  =$f283; ?
restoreStateEnd  =$f1ae; ?
InitMusic1  =$f1ae; unused
ColourPointer  =$f488; ?
noLoadError  =$f28f; ?
DrawBitmap1  =$f15a; ?
yposSplit  =$e2
MusicSetOn1  =$f16a; ?
SkipFileLoaded  =$f252; ?
restoreStateStart  =$f186; ?
nextChar  =$f395; unused
t  =$100
s1  =$f113; ?
stopPressed  =$f391; ?
s0  =$f113
NtscTimer  =$f38f; ?
musicInited  =$f392; ?
SkipFileLoaded1  =$f157; ?
Ready  =$f170; ?
txtColourTable  =$f489; ?
overText  =$f26f; ?
FinishedProg  =$f22b; unused
System  =$f38e; ?
startLoadedCode  =$f170; unused
MainScroll  =$f29e; ?
endLoadErrorCode  =$f28f; ?
MusicSetOn  =$f228; ?
DrawBitmap  =$f1b1; ?
cl1  =$f01c
xpos  =$f394; ?
SkipFileLoadedX  =$f16d; unused
InitMusic  =$f248; ?
spriteColours  =$f4b1; ?
rrwnd  =$f26f; ?
textEnd  =$f4b1; unused
s00  =$f0fe
end  =$f82d
doingEndLoByte  =$f8b2; ?
checksum  =$3
irq  =$f80d; ?
doingStartHiByte  =$f8a5; ?
notValidSoReset  =$f889
doingHeaderChecksum  =$f8be; ?
progressHeaderStatus  =$f87c; ?
progressHeaderStatusNoChecksumUpdate  =$f880; ?
byte  =$2
nmi  =$f830; ?
doingFileNameCheck  =$f896; ?
doingEndHiByte  =$f8b8; ?
notLoadedYet  =$f907; ?
doingStartLoByte  =$f89d; ?
smZPStartBasicLo  =$f8e3; ?
smZPStartBasicHi  =$f8db; ?
over1  =$f86b; ?
doingHeaderCheckEx2  =$f88f; ?
clb1  =$f7f3
smZPStartVariableLo  =$f8ef; ?
smZPStartVariableHi  =$f8e7; ?
ResetLoaderStatus  =$f801; ?
doingChecksumByte  =$f8d1; ?
doingHeaderCheckEx  =$f885; ?
gotSync  =$f831; ?
doingExpectedBlocks  =$f8ad; ?
noBASICUpdate2  =$f8f3; ?
noBASICUpdate1  =$f8e7; ?
stateStoreByte  =$f85d; ?
displayLoadError  =$f90a; ?
processByte  =$f833; ?
tweak  =$ffffffee
time  =$16e
v  =$7ffffe
v  =$e00007
v  =$effff7
v  =$effff7
v  =$e00007
v  =$ffffff
v  =$f1818f
v  =$eebd77
v  =$f3811f
v  =$ffffff
v  =$ff007f
v  =$feffbf
v  =$fddddf
v  =$76ff6e
v+3=$0
v  =$9dd977
v  =$955554
v  =$95d555
v  =$955555
v  =$dd5957
v+3=$0
